#1 [internal] load local bake definitions Image suwokrouter-suwokrouter Built 
NE 0.0s

#2 [internal] load build definition from Dockerfile
#2 transferring dockerfile: 1.67kB 0.0s done
#2 DONE 0.0s

#3 resolve image config for docker-image://docker.io/docker/dockerfile:1.7
#3 DONE 2.3s

#4 docker-image://docker.io/docker/dockerfile:1.7@sha256:a57df69d0ea827fb7266491f2813635de6f17269be881f696fbfdf2d83dda33e
#4 CACHED

#5 [internal] load metadata for docker.io/oven/bun:1.3.14-alpine
#5 DONE 1.6s

#6 [internal] load .dockerignore
#6 transferring context: 239B 0.0s done
#6 DONE 0.0s

#7 [base 1/2] FROM docker.io/oven/bun:1.3.14-alpine@sha256:5acc90a93e91ff07bf72aa90a7c9f0fa189765aec90b47bdbf2152d2196383c0
#7 DONE 0.0s

#8 [internal] load build context
#8 transferring context: 93.23kB 1.9s done
#8 DONE 2.0s

#9 [base 2/2] WORKDIR /app
#9 CACHED

#10 [dashboard-builder 1/4] COPY dashboard/package.json dashboard/bun.lock ./dashboard/
#10 CACHED

#11 [dashboard-builder 2/4] RUN cd dashboard && bun install --frozen-lockfile
#11 CACHED

#12 [runner  2/10] RUN apk add --no-cache curl
#12 CACHED

#13 [server-deps 1/2] COPY package.json bun.lock ./
#13 CACHED

#14 [server-deps 2/2] RUN bun install --frozen-lockfile --production
#14 CACHED

#15 [runner  3/10] COPY --from=server-deps /app/node_modules ./node_modules
#15 CACHED

#16 [runner  1/10] WORKDIR /app
#16 CACHED

#17 [runner  4/10] COPY package.json ./package.json
#17 CACHED

#18 [dashboard-builder 3/4] COPY dashboard/ ./dashboard/
#18 DONE 0.1s

#19 [runner  5/10] COPY src/ ./src/
#19 DONE 0.2s

#20 [runner  6/10] COPY scripts/ ./scripts/
#20 DONE 0.1s

#21 [dashboard-builder 4/4] RUN bun run --cwd dashboard build
#21 ...

#22 [runner  7/10] COPY tsconfig.json ./tsconfig.json
#22 DONE 0.1s

#21 [dashboard-builder 4/4] RUN bun run --cwd dashboard build
#21 0.250 $ tsc -b && vite build
#21 6.388 vite v6.4.3 building for production...
#21 6.477 transforming...
#21 9.635 ✓ 3062 modules transformed.
#21 9.917 rendering chunks...
#21 9.987 computing gzip size...
#21 10.01 dist/index.html                                   1.51 kB │ gzip:  0.62 kB
#21 10.01 dist/assets/index-DFLbM-9j.css                  168.35 kB │ gzip: 25.75 kB
#21 10.01 dist/assets/live-mode-CHShLY4E.js                 0.04 kB │ gzip:  0.06 kB
#21 10.01 dist/assets/ripple-button-Cr--0myZ.js             0.44 kB │ gzip:  0.30 kB
#21 10.01 dist/assets/StatusBadge-agb3mu8c.js               0.47 kB │ gzip:  0.31 kB
#21 10.01 dist/assets/skeleton-JPjQpyN4.js                  0.48 kB │ gzip:  0.31 kB
#21 10.01 dist/assets/clipboard-B1NkuKbW.js                 0.53 kB │ gzip:  0.34 kB
#21 10.01 dist/assets/Header-ZU4fhDDv.js                    0.60 kB │ gzip:  0.35 kB
#21 10.01 dist/assets/TestBtn-BQ-r1z66.js                   0.72 kB │ gzip:  0.41 kB
#21 10.01 dist/assets/copy-button-vWXE8BmD.js               0.74 kB │ gzip:  0.46 kB
#21 10.01 dist/assets/tunnel-api-CHtsNj0e.js                0.87 kB │ gzip:  0.48 kB
#21 10.01 dist/assets/frame-BPIeJ9do.js                     0.95 kB │ gzip:  0.37 kB
#21 10.01 dist/assets/flip-button-MB1sIQOT.js               1.04 kB │ gzip:  0.55 kB
#21 10.01 dist/assets/card-DLIWDmMi.js                      1.18 kB │ gzip:  0.46 kB
#21 10.01 dist/assets/accordion-1R80MEDF.js                 1.40 kB │ gzip:  0.66 kB
#21 10.01 dist/assets/api-keys-api-D2eUods_.js              1.56 kB │ gzip:  0.74 kB
#21 10.01 dist/assets/checkbox-ql0u1-IZ.js                  1.66 kB │ gzip:  0.72 kB
#21 10.01 dist/assets/ProviderModelAccordion-D38jTXTr.js    1.73 kB │ gzip:  0.87 kB
#21 10.01 dist/assets/admin-extras-api-n-rT4xvs.js          2.07 kB │ gzip:  0.68 kB
#21 10.01 dist/assets/tabs-Bk1oRWqw.js                      2.10 kB │ gzip:  0.87 kB
#21 10.01 dist/assets/Setup-BdPKgyfA.js                     2.22 kB │ gzip:  1.12 kB
#21 10.01 dist/assets/segmented-Ce0fN1A2.js                 2.46 kB │ gzip:  1.19 kB
#21 10.01 dist/assets/Login-ROb84sla.js                     2.62 kB │ gzip:  1.29 kB
#21 10.01 dist/assets/table-tarq03H5.js                     2.93 kB │ gzip:  0.83 kB
#21 10.01 dist/assets/currency-api-DbI0Xjig.js              3.27 kB │ gzip:  1.53 kB
#21 10.01 dist/assets/oauth-callback-1vGHeKPz.js            3.41 kB │ gzip:  1.24 kB
#21 10.01 dist/assets/select-Bi2BCGDB.js                    4.41 kB │ gzip:  1.66 kB
#21 10.01 dist/assets/OAuthCallback-fGWJcUSh.js             4.62 kB │ gzip:  1.80 kB
#21 10.01 dist/assets/connections-api-BpbK5iqj.js           7.72 kB │ gzip:  2.61 kB
#21 10.01 dist/assets/chatStudio-5j9Cxn2I.js                9.36 kB │ gzip:  3.64 kB
#21 10.01 dist/assets/ManageApiKey-ZW7Jamyl.js             10.57 kB │ gzip:  3.51 kB
#21 10.01 dist/assets/Keys-xjuYLsij.js                     11.04 kB │ gzip:  3.56 kB
#21 10.01 dist/assets/QuotaMonitor-BHGe75F0.js             18.26 kB │ gzip:  5.96 kB
#21 10.01 dist/assets/Dashboard-C69qESOw.js                20.38 kB │ gzip:  6.17 kB
#21 10.01 dist/assets/Proxy-7YU7CisO.js                    23.12 kB │ gzip:  6.41 kB
#21 10.01 dist/assets/ConsoleLog-CMgYIha-.js               23.37 kB │ gzip:  8.60 kB
#21 10.01 dist/assets/CliTools-BcyqxBto.js                 33.51 kB │ gzip: 10.46 kB
#21 10.01 dist/assets/Combo-BBOaRw4y.js                    35.86 kB │ gzip: 10.53 kB
#21 10.01 dist/assets/Usage-DNl30Mpb.js                    39.97 kB │ gzip: 10.59 kB
#21 10.01 dist/assets/icons-vendor-L-bUxkyG.js             47.08 kB │ gzip: 10.26 kB
#21 10.01 dist/assets/Settings-B89hGujS.js                 54.65 kB │ gzip: 14.87 kB
#21 10.01 dist/assets/SuwokChat-De7U-tp6.js                54.91 kB │ gzip: 17.44 kB
#21 10.01 dist/assets/query-vendor-DVevaSVS.js             69.72 kB │ gzip: 20.79 kB
#21 10.01 dist/assets/Provider-CUxnAyP0.js                110.97 kB │ gzip: 31.92 kB
#21 10.01 dist/assets/motion-vendor-g5fpGzmJ.js           131.47 kB │ gzip: 43.74 kB
#21 10.01 dist/assets/markdown-vendor-BY8e1gQ8.js         157.06 kB │ gzip: 47.95 kB
#21 10.01 dist/assets/index-DQYXcFam.js                   160.62 kB │ gzip: 52.64 kB
#21 10.01 dist/assets/ui-vendor-BuM9f2NY.js               228.59 kB │ gzip: 77.64 kB
#21 10.01 dist/assets/react-vendor-xnYrwzsL.js            287.43 kB │ gzip: 93.04 kB
#21 10.01 ✓ built in 3.58s
#21 DONE 10.1s

#23 [runner  8/10] COPY --from=dashboard-builder /app/dashboard/dist ./dashboard/dist
#23 DONE 0.1s

#24 [runner  9/10] COPY dashboard/public/ ./dashboard/public/
#24 DONE 0.1s

#25 [runner 10/10] RUN mkdir -p /app/data && chown -R bun:bun /app &&   mkdir -p /app/data-home && chown bun:bun /app/data-home &&   ln -sf /app/data-home /home/bun/.suwokrouter 2>/dev/null || true
#25 DONE 9.6s

#26 exporting to image
#26 exporting layers
#26 exporting layers 0.2s done
#26 writing image sha256:a7a07b98fa4b62618510758c4165c356bc7eaf2c250519cc4221e040c95740aa done
#26 naming to docker.io/library/suwokrouter-suwokrouter done
#26 DONE 0.3s

#27 resolving provenance for metadata file
#27 DONE 0.0s
