#1 [internal] load local bake definitions Image suwokrouter-suwokrouter Built 
NE 0.0s

#2 [internal] load build definition from Dockerfile
#2 transferring dockerfile: 1.75kB 0.0s done
#2 DONE 0.0s

#3 resolve image config for docker-image://docker.io/docker/dockerfile:1.7
#3 DONE 1.8s

#4 docker-image://docker.io/docker/dockerfile:1.7@sha256:a57df69d0ea827fb7266491f2813635de6f17269be881f696fbfdf2d83dda33e
#4 CACHED

#5 [internal] load metadata for docker.io/oven/bun:1.3.14-alpine
#5 DONE 1.6s

#6 [internal] load .dockerignore
#6 transferring context: 239B 0.0s done
#6 DONE 0.0s

#7 [base 1/2] FROM docker.io/oven/bun:1.3.14-alpine@sha256:5acc90a93e91ff07bf72aa90a7c9f0fa189765aec90b47bdbf2152d2196383c0
#7 DONE 0.0s

#8 [base 2/2] WORKDIR /app
#8 CACHED

#9 [runner  1/10] WORKDIR /app
#9 CACHED

#10 [internal] load build context
#10 transferring context: 65.13kB 2.5s done
#10 DONE 2.5s

#11 [server-deps 1/2] COPY package.json bun.lock ./
#11 CACHED

#12 [server-deps 2/2] RUN bun install --frozen-lockfile --production
#12 CACHED

#13 [dashboard-builder 1/4] COPY dashboard/package.json dashboard/bun.lock ./dashboard/
#13 CACHED

#14 [dashboard-builder 2/4] RUN cd dashboard && bun install --frozen-lockfile
#14 CACHED

#15 [dashboard-builder 3/4] COPY dashboard/ ./dashboard/
#15 CACHED

#16 [dashboard-builder 4/4] RUN bun run --cwd dashboard build
#16 CACHED

#17 [runner  2/10] RUN apk add --no-cache curl ripgrep
#17 0.214 fetch https://dl-cdn.alpinelinux.org/alpine/v3.22/main/x86_64/APKINDEX.tar.gz
#17 0.866 fetch https://dl-cdn.alpinelinux.org/alpine/v3.22/community/x86_64/APKINDEX.tar.gz
#17 1.603 (1/11) Installing brotli-libs (1.1.0-r2)
#17 1.816 (2/11) Installing c-ares (1.34.8-r0)
#17 1.912 (3/11) Installing libunistring (1.3-r0)
#17 2.153 (4/11) Installing libidn2 (2.3.7-r0)
#17 2.263 (5/11) Installing nghttp2-libs (1.69.0-r0)
#17 2.352 (6/11) Installing libpsl (0.21.5-r3)
#17 2.464 (7/11) Installing zstd-libs (1.5.7-r0)
#17 2.619 (8/11) Installing libcurl (8.14.1-r3)
#17 2.828 (9/11) Installing curl (8.14.1-r3)
#17 2.941 (10/11) Installing pcre2 (10.46-r0)
#17 3.110 (11/11) Installing ripgrep (14.1.1-r0)
#17 3.577 Executing busybox-1.37.0-r20.trigger
#17 3.581 OK: 19 MiB in 29 packages
#17 DONE 3.7s

#18 [runner  3/10] COPY --from=server-deps /app/node_modules ./node_modules
#18 DONE 0.5s

#19 [runner  4/10] COPY package.json ./package.json
#19 DONE 0.1s

#20 [runner  5/10] COPY src/ ./src/
#20 DONE 0.2s

#21 [runner  6/10] COPY scripts/ ./scripts/
#21 DONE 0.1s

#22 [runner  7/10] COPY tsconfig.json ./tsconfig.json
#22 DONE 0.1s

#23 [runner  8/10] COPY --from=dashboard-builder /app/dashboard/dist ./dashboard/dist
#23 DONE 0.1s

#24 [runner  9/10] COPY dashboard/public/ ./dashboard/public/
#24 DONE 0.1s

#25 [runner 10/10] RUN mkdir -p /app/data && chown -R bun:bun /app &&   mkdir -p /app/data-home && chown bun:bun /app/data-home &&   ln -sf /app/data-home /home/bun/.suwokrouter 2>/dev/null || true
#25 DONE 9.4s

#26 exporting to image
#26 exporting layers
#26 exporting layers 0.3s done
#26 writing image sha256:58881da327e2d73fad2675beda04d5fd300d43c31d6098023142723c2e69e450 done
#26 naming to docker.io/library/suwokrouter-suwokrouter done
#26 DONE 0.4s

#27 resolving provenance for metadata file
#27 DONE 0.0s
