#1 [internal] load local bake definitions Image suwokrouter-suwokrouter Built 
NE 0.0s

#2 [internal] load build definition from Dockerfile
#2 transferring dockerfile: 1.75kB 0.0s done
#2 DONE 0.0s

#3 resolve image config for docker-image://docker.io/docker/dockerfile:1.7
#3 DONE 1.7s

#4 docker-image://docker.io/docker/dockerfile:1.7@sha256:a57df69d0ea827fb7266491f2813635de6f17269be881f696fbfdf2d83dda33e
#4 CACHED

#5 [internal] load metadata for docker.io/oven/bun:1.3.14-alpine
#5 DONE 1.3s

#6 [internal] load .dockerignore
#6 transferring context: 239B 0.0s done
#6 DONE 0.0s

#7 [base 1/2] FROM docker.io/oven/bun:1.3.14-alpine@sha256:5acc90a93e91ff07bf72aa90a7c9f0fa189765aec90b47bdbf2152d2196383c0
#7 DONE 0.0s

#8 [internal] load build context
#8 transferring context: 61.63kB 2.4s done
#8 DONE 2.4s

#9 [dashboard-builder 1/4] COPY dashboard/package.json dashboard/bun.lock ./dashboard/
#9 CACHED

#10 [dashboard-builder 2/4] RUN cd dashboard && bun install --frozen-lockfile
#10 CACHED

#11 [dashboard-builder 3/4] COPY dashboard/ ./dashboard/
#11 CACHED

#12 [base 2/2] WORKDIR /app
#12 CACHED

#13 [dashboard-builder 4/4] RUN bun run --cwd dashboard build
#13 CACHED

#14 [runner  2/10] RUN apk add --no-cache curl ripgrep
#14 CACHED

#15 [server-deps 2/2] RUN bun install --frozen-lockfile --production
#15 CACHED

#16 [runner  3/10] COPY --from=server-deps /app/node_modules ./node_modules
#16 CACHED

#17 [runner  1/10] WORKDIR /app
#17 CACHED

#18 [server-deps 1/2] COPY package.json bun.lock ./
#18 CACHED

#19 [runner  4/10] COPY package.json ./package.json
#19 CACHED

#20 [runner  5/10] COPY src/ ./src/
#20 DONE 0.1s

#21 [runner  6/10] COPY scripts/ ./scripts/
#21 DONE 0.1s

#22 [runner  7/10] COPY tsconfig.json ./tsconfig.json
#22 DONE 0.1s

#23 [runner  8/10] COPY --from=dashboard-builder /app/dashboard/dist ./dashboard/dist
#23 DONE 0.1s

#24 [runner  9/10] COPY dashboard/public/ ./dashboard/public/
#24 DONE 0.1s

#25 [runner 10/10] RUN mkdir -p /app/data && chown -R bun:bun /app &&   mkdir -p /app/data-home && chown bun:bun /app/data-home &&   ln -sf /app/data-home /home/bun/.suwokrouter 2>/dev/null || true
#25 DONE 9.4s

#26 exporting to image
#26 exporting layers
#26 exporting layers 0.2s done
#26 writing image sha256:8ae38d6c1def5d3be667d98d5dc4525cfd8419789ce58244ce57352efd394313 done
#26 naming to docker.io/library/suwokrouter-suwokrouter done
#26 DONE 0.3s

#27 resolving provenance for metadata file
#27 DONE 0.0s
