#1 [internal] load local bake definitions Image suwokrouter-suwokrouter Built 
NE 0.0s

#2 [internal] load build definition from Dockerfile
#2 transferring dockerfile: 1.67kB 0.0s done
#2 DONE 0.1s

#3 resolve image config for docker-image://docker.io/docker/dockerfile:1.7
#3 DONE 2.2s

#4 docker-image://docker.io/docker/dockerfile:1.7@sha256:a57df69d0ea827fb7266491f2813635de6f17269be881f696fbfdf2d83dda33e
#4 CACHED

#5 [internal] load metadata for docker.io/oven/bun:1.3.14-alpine
#5 DONE 1.6s

#6 [internal] load .dockerignore
#6 transferring context: 239B 0.0s done
#6 DONE 0.1s

#7 [base 1/2] FROM docker.io/oven/bun:1.3.14-alpine@sha256:5acc90a93e91ff07bf72aa90a7c9f0fa189765aec90b47bdbf2152d2196383c0
#7 DONE 0.0s

#8 [internal] load build context
#8 transferring context: 89.29kB 2.3s done
#8 DONE 2.3s

#9 [base 2/2] WORKDIR /app
#9 CACHED

#10 [dashboard-builder 1/4] COPY dashboard/package.json dashboard/bun.lock ./dashboard/
#10 CACHED

#11 [dashboard-builder 2/4] RUN cd dashboard && bun install --frozen-lockfile
#11 CACHED

#12 [dashboard-builder 3/4] COPY dashboard/ ./dashboard/
#12 DONE 0.1s

#13 [dashboard-builder 4/4] RUN bun run --cwd dashboard build
#13 0.188 $ tsc -b && vite build
#13 6.520 vite v6.4.3 building for production...
#13 6.614 transforming...
#13 9.856 ✓ 3062 modules transformed.
#13 10.15 rendering chunks...
#13 10.21 computing gzip size...
#13 10.23 dist/index.html                                   1.51 kB │ gzip:  0.62 kB
#13 10.23 dist/assets/index-G-6cTDBw.css                  170.91 kB │ gzip: 26.18 kB
#13 10.23 dist/assets/live-mode-CHShLY4E.js                 0.04 kB │ gzip:  0.06 kB
#13 10.23 dist/assets/ripple-button-C6TpNXqG.js             0.44 kB │ gzip:  0.31 kB
#13 10.23 dist/assets/StatusBadge-BuvqhYXc.js               0.47 kB │ gzip:  0.31 kB
#13 10.23 dist/assets/skeleton-C_1Rf4WJ.js                  0.48 kB │ gzip:  0.31 kB
#13 10.23 dist/assets/clipboard-B1NkuKbW.js                 0.53 kB │ gzip:  0.34 kB
#13 10.23 dist/assets/Header-MRPOGWCf.js                    0.60 kB │ gzip:  0.35 kB
#13 10.23 dist/assets/TestBtn-DJS7P1c2.js                   0.72 kB │ gzip:  0.42 kB
#13 10.24 dist/assets/copy-button-DswtQjQE.js               0.74 kB │ gzip:  0.46 kB
#13 10.24 dist/assets/tunnel-api-w4i0e_np.js                0.87 kB │ gzip:  0.48 kB
#13 10.24 dist/assets/frame-Bg66q7nE.js                     0.95 kB │ gzip:  0.38 kB
#13 10.24 dist/assets/flip-button-CI6hVkG0.js               1.04 kB │ gzip:  0.56 kB
#13 10.24 dist/assets/card-BSALetJD.js                      1.18 kB │ gzip:  0.46 kB
#13 10.24 dist/assets/accordion-DyWQsoO9.js                 1.40 kB │ gzip:  0.66 kB
#13 10.24 dist/assets/api-keys-api-Cm1DIVrP.js              1.56 kB │ gzip:  0.74 kB
#13 10.24 dist/assets/checkbox-Dvthvfjn.js                  1.66 kB │ gzip:  0.72 kB
#13 10.24 dist/assets/ProviderModelAccordion-CYOhTbsQ.js    1.73 kB │ gzip:  0.87 kB
#13 10.24 dist/assets/admin-extras-api-DG1og05F.js          2.07 kB │ gzip:  0.68 kB
#13 10.24 dist/assets/tabs-B7OQ6Ovq.js                      2.10 kB │ gzip:  0.88 kB
#13 10.24 dist/assets/Setup-_vibJHbo.js                     2.22 kB │ gzip:  1.12 kB
#13 10.24 dist/assets/segmented-DN_KT0j-.js                 2.46 kB │ gzip:  1.20 kB
#13 10.24 dist/assets/Login-CKhdU6g5.js                     2.62 kB │ gzip:  1.29 kB
#13 10.24 dist/assets/table-CH6DrTM5.js                     2.93 kB │ gzip:  0.83 kB
#13 10.24 dist/assets/currency-api-CtT4ncKn.js              3.27 kB │ gzip:  1.53 kB
#13 10.24 dist/assets/oauth-callback-1vGHeKPz.js            3.41 kB │ gzip:  1.24 kB
#13 10.24 dist/assets/select-CFtUSf2x.js                    4.41 kB │ gzip:  1.66 kB
#13 10.24 dist/assets/OAuthCallback-DTuwLI8U.js             4.62 kB │ gzip:  1.79 kB
#13 10.24 dist/assets/connections-api-BHdL52Mc.js           7.72 kB │ gzip:  2.61 kB
#13 10.24 dist/assets/chatStudio-5j9Cxn2I.js                9.36 kB │ gzip:  3.64 kB
#13 10.24 dist/assets/ManageApiKey-zCz0Rxxo.js             10.57 kB │ gzip:  3.51 kB
#13 10.24 dist/assets/Keys-DIEvmM8f.js                     11.04 kB │ gzip:  3.56 kB
#13 10.24 dist/assets/QuotaMonitor-ggPh73k-.js             18.71 kB │ gzip:  6.12 kB
#13 10.24 dist/assets/Dashboard-B1AcJWCo.js                20.38 kB │ gzip:  6.17 kB
#13 10.24 dist/assets/Proxy-CGgxD3-0.js                    23.12 kB │ gzip:  6.41 kB
#13 10.24 dist/assets/ConsoleLog-xm8f2v1_.js               23.37 kB │ gzip:  8.61 kB
#13 10.24 dist/assets/CliTools-DTEQMzQ8.js                 33.51 kB │ gzip: 10.46 kB
#13 10.24 dist/assets/Combo-DWO-KljD.js                    35.86 kB │ gzip: 10.53 kB
#13 10.24 dist/assets/Usage-C-CaFArF.js                    39.97 kB │ gzip: 10.60 kB
#13 10.24 dist/assets/icons-vendor-L-bUxkyG.js             47.08 kB │ gzip: 10.26 kB
#13 10.24 dist/assets/Settings-Dkui1GSQ.js                 54.65 kB │ gzip: 14.87 kB
#13 10.24 dist/assets/SuwokChat-CcPUnDiu.js                54.91 kB │ gzip: 17.44 kB
#13 10.24 dist/assets/query-vendor-DVevaSVS.js             69.72 kB │ gzip: 20.79 kB
#13 10.24 dist/assets/Provider-Cc0hElCt.js                110.97 kB │ gzip: 31.93 kB
#13 10.24 dist/assets/motion-vendor-g5fpGzmJ.js           131.47 kB │ gzip: 43.74 kB
#13 10.24 dist/assets/markdown-vendor-BY8e1gQ8.js         157.06 kB │ gzip: 47.95 kB
#13 10.24 dist/assets/index-CMK7DVux.js                   160.62 kB │ gzip: 52.63 kB
#13 10.24 dist/assets/ui-vendor-BuM9f2NY.js               228.59 kB │ gzip: 77.64 kB
#13 10.24 dist/assets/react-vendor-xnYrwzsL.js            287.43 kB │ gzip: 93.04 kB
#13 10.24 ✓ built in 3.67s
#13 DONE 10.3s

#14 [server-deps 2/2] RUN bun install --frozen-lockfile --production
#14 CACHED

#15 [runner  6/10] COPY scripts/ ./scripts/
#15 CACHED

#16 [runner  2/10] RUN apk add --no-cache curl
#16 CACHED

#17 [runner  4/10] COPY package.json ./package.json
#17 CACHED

#18 [runner  1/10] WORKDIR /app
#18 CACHED

#19 [runner  3/10] COPY --from=server-deps /app/node_modules ./node_modules
#19 CACHED

#20 [runner  5/10] COPY src/ ./src/
#20 CACHED

#21 [server-deps 1/2] COPY package.json bun.lock ./
#21 CACHED

#22 [runner  7/10] COPY tsconfig.json ./tsconfig.json
#22 CACHED

#23 [runner  8/10] COPY --from=dashboard-builder /app/dashboard/dist ./dashboard/dist
#23 DONE 0.1s

#24 [runner  9/10] COPY dashboard/public/ ./dashboard/public/
#24 DONE 0.1s

#25 [runner 10/10] RUN mkdir -p /app/data && chown -R bun:bun /app &&   mkdir -p /app/data-home && chown bun:bun /app/data-home &&   ln -sf /app/data-home /home/bun/.suwokrouter 2>/dev/null || true
#25 DONE 9.4s

#26 exporting to image
#26 exporting layers
#26 exporting layers 0.2s done
#26 writing image sha256:6bf1c3e8984d685be66ed2fd2c8ba7d8286863ec06fd71aba184c1a6f087cc2c done
#26 naming to docker.io/library/suwokrouter-suwokrouter done
#26 DONE 0.3s

#27 resolving provenance for metadata file
#27 DONE 0.0s
